{"message" : "could not upload file", "error" : files could not be found in key (form-field) from http request}