{"message" : "could not upload file", "error" : gulter: could not upload file to storage (form-field)...could not upload file}