{"message" : "could not upload file", "error" : gulter: validation failed for (form-field)...unsupported mime type uploaded..(text/plain)}