{"message" : "could not upload file", "error" : http: request body too large}